25.775377
24.981023
24.156266
23.284293
22.242286
20.469405
17.668619
14.516257
11.306035
8.081617
4.848937
1.609747
-1.635293
-4.885440
-8.139888
-11.397943
